// Jest Snapshot v1, https://goo.gl/fbAQLP

exports[`Recipe should render correctly 1`] = `
<DocumentFragment>
  <div
    class="css-0"
  >
    <span>
      My Recipe NÂ° 1 incremented
      <span
        data-testid="recipe-inc"
      >
        0
      </span>
       times
    </span>
    <button
      class="chakra-button css-taj3dd"
      data-testid="button-inc"
      type="button"
    >
      +
    </button>
  </div>
</DocumentFragment>
`;
